
> nextn@0.1.0 typecheck
> tsc --noEmit

error TS2688: Cannot find type definition file for '@cloudflare/workers-types'.
  The file is in the program because:
    Entry point of type library '@cloudflare/workers-types' specified in compilerOptions
